{"sessionId": "1a2913", "id": "log_1774803453943", "timestamp": 1774803453943, "location": "routes/predictions.py:get_prediction_by_pincode", "message": "by_pincode_request", "data": {"raw_pin": "500080"}, "runId": "run1", "hypothesisId": "H1"}
{"sessionId": "1a2913", "id": "log_1774803454178", "timestamp": 1774803454178, "location": "routes/predictions.py:get_prediction_by_pincode", "message": "zip_match", "data": {"pin": 500080, "match_rows": 1}, "runId": "run1", "hypothesisId": "H1"}
{"sessionId": "1a2913", "id": "log_1774803454183", "timestamp": 1774803454183, "location": "routes/predictions.py:get_prediction_by_pincode", "message": "district_state_resolved", "data": {"district": "HYDERABAD", "state": "Telangana"}, "runId": "run1", "hypothesisId": "H2"}
{"sessionId": "1a2913", "id": "log_1774803454228", "timestamp": 1774803454228, "location": "routes/predictions.py:get_prediction_by_pincode", "message": "district_dataset_rows", "data": {"district": "HYDERABAD", "state": "Telangana", "rows": 10}, "runId": "run1", "hypothesisId": "H2"}
{"sessionId": "1a2913", "id": "log_1774803454253", "timestamp": 1774803454253, "location": "routes/predictions.py:get_prediction_by_pincode", "message": "features_for_ml", "data": {"district": "HYDERABAD", "state": "Telangana", "rainfall": 845.97, "drainage_enc": 4.0, "perm_mmhr": 19.699999999999996, "urban_percent": 72.79999999999998, "breach_hist": 0, "elevation": 536.0, "soil_type": "Medium Black"}, "runId": "run1", "hypothesisId": "H3"}
{"sessionId": "1a2913", "id": "log_1774943404539", "timestamp": 1774943404539, "location": "routes/predictions.py:get_prediction_by_pincode", "message": "by_pincode_request", "data": {"raw_pin": "500080"}, "runId": "run1", "hypothesisId": "H1"}
{"sessionId": "1a2913", "id": "log_1774943404681", "timestamp": 1774943404681, "location": "routes/predictions.py:get_prediction_by_pincode", "message": "zip_match", "data": {"pin": 500080, "match_rows": 1}, "runId": "run1", "hypothesisId": "H1"}
{"sessionId": "1a2913", "id": "log_1774943404690", "timestamp": 1774943404690, "location": "routes/predictions.py:get_prediction_by_pincode", "message": "district_state_resolved", "data": {"district": "HYDERABAD", "state": "Telangana"}, "runId": "run1", "hypothesisId": "H2"}
{"sessionId": "1a2913", "id": "log_1774943404722", "timestamp": 1774943404722, "location": "routes/predictions.py:get_prediction_by_pincode", "message": "district_dataset_rows", "data": {"district": "HYDERABAD", "state": "Telangana", "rows": 10}, "runId": "run1", "hypothesisId": "H2"}
{"sessionId": "1a2913", "id": "log_1774943404739", "timestamp": 1774943404739, "location": "routes/predictions.py:get_prediction_by_pincode", "message": "features_for_ml", "data": {"district": "HYDERABAD", "state": "Telangana", "rainfall": 845.97, "drainage_enc": 4.0, "perm_mmhr": 19.699999999999996, "urban_percent": 72.79999999999998, "breach_hist": 0, "elevation": 536.0, "soil_type": "Medium Black"}, "runId": "run1", "hypothesisId": "H3"}
{"sessionId": "1a2913", "id": "log_1775034128890", "timestamp": 1775034128890, "location": "routes/predictions.py:get_prediction_by_pincode", "message": "by_pincode_request", "data": {"raw_pin": "500080"}, "runId": "run1", "hypothesisId": "H1"}
{"sessionId": "1a2913", "id": "log_1775034129399", "timestamp": 1775034129399, "location": "routes/predictions.py:get_prediction_by_pincode", "message": "zip_match", "data": {"pin": 500080, "match_rows": 1}, "runId": "run1", "hypothesisId": "H1"}
{"sessionId": "1a2913", "id": "log_1775034129410", "timestamp": 1775034129410, "location": "routes/predictions.py:get_prediction_by_pincode", "message": "district_state_resolved", "data": {"district": "HYDERABAD", "state": "Telangana"}, "runId": "run1", "hypothesisId": "H2"}
{"sessionId": "1a2913", "id": "log_1775034129504", "timestamp": 1775034129504, "location": "routes/predictions.py:get_prediction_by_pincode", "message": "district_dataset_rows", "data": {"district": "HYDERABAD", "state": "Telangana", "rows": 10}, "runId": "run1", "hypothesisId": "H2"}
{"sessionId": "1a2913", "id": "log_1775034129558", "timestamp": 1775034129558, "location": "routes/predictions.py:get_prediction_by_pincode", "message": "features_for_ml", "data": {"district": "HYDERABAD", "state": "Telangana", "rainfall": 845.97, "drainage_enc": 4.0, "perm_mmhr": 19.699999999999996, "urban_percent": 72.79999999999998, "breach_hist": 0, "elevation": 536.0, "soil_type": "Medium Black"}, "runId": "run1", "hypothesisId": "H3"}
{"sessionId": "1a2913", "id": "log_1775037285873", "timestamp": 1775037285873, "location": "routes/predictions.py:get_prediction_by_pincode", "message": "by_pincode_request", "data": {"raw_pin": "500080"}, "runId": "run1", "hypothesisId": "H1"}
{"sessionId": "1a2913", "id": "log_1775037286048", "timestamp": 1775037286048, "location": "routes/predictions.py:get_prediction_by_pincode", "message": "zip_match", "data": {"pin": 500080, "match_rows": 1}, "runId": "run1", "hypothesisId": "H1"}
{"sessionId": "1a2913", "id": "log_1775037286064", "timestamp": 1775037286064, "location": "routes/predictions.py:get_prediction_by_pincode", "message": "district_state_resolved", "data": {"district": "HYDERABAD", "state": "Telangana"}, "runId": "run1", "hypothesisId": "H2"}
{"sessionId": "1a2913", "id": "log_1775037286120", "timestamp": 1775037286120, "location": "routes/predictions.py:get_prediction_by_pincode", "message": "district_dataset_rows", "data": {"district": "HYDERABAD", "state": "Telangana", "rows": 10}, "runId": "run1", "hypothesisId": "H2"}
{"sessionId": "1a2913", "id": "log_1775037286140", "timestamp": 1775037286140, "location": "routes/predictions.py:get_prediction_by_pincode", "message": "features_for_ml", "data": {"district": "HYDERABAD", "state": "Telangana", "rainfall": 845.97, "drainage_enc": 4.0, "perm_mmhr": 19.699999999999996, "urban_percent": 72.79999999999998, "breach_hist": 0, "elevation": 536.0, "soil_type": "Medium Black"}, "runId": "run1", "hypothesisId": "H3"}
{"sessionId": "1a2913", "id": "log_1775038986860", "timestamp": 1775038986860, "location": "routes/predictions.py:get_prediction_by_pincode", "message": "by_pincode_request", "data": {"raw_pin": "500080"}, "runId": "run1", "hypothesisId": "H1"}
{"sessionId": "1a2913", "id": "log_1775038986956", "timestamp": 1775038986956, "location": "routes/predictions.py:get_prediction_by_pincode", "message": "zip_match", "data": {"pin": 500080, "match_rows": 1}, "runId": "run1", "hypothesisId": "H1"}
{"sessionId": "1a2913", "id": "log_1775038986961", "timestamp": 1775038986961, "location": "routes/predictions.py:get_prediction_by_pincode", "message": "district_state_resolved", "data": {"district": "HYDERABAD", "state": "Telangana"}, "runId": "run1", "hypothesisId": "H2"}
{"sessionId": "1a2913", "id": "log_1775038986987", "timestamp": 1775038986987, "location": "routes/predictions.py:get_prediction_by_pincode", "message": "district_dataset_rows", "data": {"district": "HYDERABAD", "state": "Telangana", "rows": 10}, "runId": "run1", "hypothesisId": "H2"}
{"sessionId": "1a2913", "id": "log_1775038987003", "timestamp": 1775038987004, "location": "routes/predictions.py:get_prediction_by_pincode", "message": "features_for_ml", "data": {"district": "HYDERABAD", "state": "Telangana", "rainfall": 845.97, "drainage_enc": 4.0, "perm_mmhr": 19.699999999999996, "urban_percent": 72.79999999999998, "breach_hist": 0, "elevation": 536.0, "soil_type": "Medium Black"}, "runId": "run1", "hypothesisId": "H3"}
{"sessionId": "1a2913", "id": "log_1775248275347", "timestamp": 1775248275347, "location": "routes/predictions.py:get_prediction_by_pincode", "message": "by_pincode_request", "data": {"raw_pin": "500080"}, "runId": "run1", "hypothesisId": "H1"}
{"sessionId": "1a2913", "id": "log_1775248275530", "timestamp": 1775248275530, "location": "routes/predictions.py:get_prediction_by_pincode", "message": "zip_match", "data": {"pin": 500080, "match_rows": 1}, "runId": "run1", "hypothesisId": "H1"}
{"sessionId": "1a2913", "id": "log_1775248275533", "timestamp": 1775248275533, "location": "routes/predictions.py:get_prediction_by_pincode", "message": "district_state_resolved", "data": {"district": "HYDERABAD", "state": "Telangana"}, "runId": "run1", "hypothesisId": "H2"}
{"sessionId": "1a2913", "id": "log_1775248275552", "timestamp": 1775248275552, "location": "routes/predictions.py:get_prediction_by_pincode", "message": "district_dataset_rows", "data": {"district": "HYDERABAD", "state": "Telangana", "rows": 10}, "runId": "run1", "hypothesisId": "H2"}
{"sessionId": "1a2913", "id": "log_1775248275561", "timestamp": 1775248275561, "location": "routes/predictions.py:get_prediction_by_pincode", "message": "features_for_ml", "data": {"district": "HYDERABAD", "state": "Telangana", "rainfall": 845.97, "drainage_enc": 4.0, "perm_mmhr": 19.699999999999996, "urban_percent": 72.79999999999998, "breach_hist": 0, "elevation": 536.0, "soil_type": "Medium Black"}, "runId": "run1", "hypothesisId": "H3"}
{"sessionId": "1a2913", "id": "log_1775249509288", "timestamp": 1775249509288, "location": "routes/predictions.py:get_prediction_by_pincode", "message": "by_pincode_request", "data": {"raw_pin": "500080"}, "runId": "run1", "hypothesisId": "H1"}
{"sessionId": "1a2913", "id": "log_1775249509348", "timestamp": 1775249509348, "location": "routes/predictions.py:get_prediction_by_pincode", "message": "zip_match", "data": {"pin": 500080, "match_rows": 1}, "runId": "run1", "hypothesisId": "H1"}
{"sessionId": "1a2913", "id": "log_1775249509352", "timestamp": 1775249509352, "location": "routes/predictions.py:get_prediction_by_pincode", "message": "district_state_resolved", "data": {"district": "HYDERABAD", "state": "Telangana"}, "runId": "run1", "hypothesisId": "H2"}
{"sessionId": "1a2913", "id": "log_1775249509363", "timestamp": 1775249509363, "location": "routes/predictions.py:get_prediction_by_pincode", "message": "district_dataset_rows", "data": {"district": "HYDERABAD", "state": "Telangana", "rows": 10}, "runId": "run1", "hypothesisId": "H2"}
{"sessionId": "1a2913", "id": "log_1775249509369", "timestamp": 1775249509369, "location": "routes/predictions.py:get_prediction_by_pincode", "message": "features_for_ml", "data": {"district": "HYDERABAD", "state": "Telangana", "rainfall": 845.97, "drainage_enc": 4.0, "perm_mmhr": 19.699999999999996, "urban_percent": 72.79999999999998, "breach_hist": 0, "elevation": 536.0, "soil_type": "Medium Black"}, "runId": "run1", "hypothesisId": "H3"}
{"sessionId": "1a2913", "id": "log_1775250836810", "timestamp": 1775250836810, "location": "routes/predictions.py:get_prediction_by_pincode", "message": "by_pincode_request", "data": {"raw_pin": "500080"}, "runId": "run1", "hypothesisId": "H1"}
{"sessionId": "1a2913", "id": "log_1775250836864", "timestamp": 1775250836864, "location": "routes/predictions.py:get_prediction_by_pincode", "message": "zip_match", "data": {"pin": 500080, "match_rows": 1}, "runId": "run1", "hypothesisId": "H1"}
{"sessionId": "1a2913", "id": "log_1775250836866", "timestamp": 1775250836866, "location": "routes/predictions.py:get_prediction_by_pincode", "message": "district_state_resolved", "data": {"district": "HYDERABAD", "state": "Telangana"}, "runId": "run1", "hypothesisId": "H2"}
{"sessionId": "1a2913", "id": "log_1775250836879", "timestamp": 1775250836879, "location": "routes/predictions.py:get_prediction_by_pincode", "message": "district_dataset_rows", "data": {"district": "HYDERABAD", "state": "Telangana", "rows": 10}, "runId": "run1", "hypothesisId": "H2"}
{"sessionId": "1a2913", "id": "log_1775250836886", "timestamp": 1775250836886, "location": "routes/predictions.py:get_prediction_by_pincode", "message": "features_for_ml", "data": {"district": "HYDERABAD", "state": "Telangana", "rainfall": 845.97, "drainage_enc": 4.0, "perm_mmhr": 19.699999999999996, "urban_percent": 72.79999999999998, "breach_hist": 0, "elevation": 536.0, "soil_type": "Medium Black"}, "runId": "run1", "hypothesisId": "H3"}
{"sessionId": "1a2913", "id": "log_1775273519165", "timestamp": 1775273519165, "location": "routes/predictions.py:get_prediction_by_pincode", "message": "by_pincode_request", "data": {"raw_pin": "500080"}, "runId": "run1", "hypothesisId": "H1"}
{"sessionId": "1a2913", "id": "log_1775273519277", "timestamp": 1775273519277, "location": "routes/predictions.py:get_prediction_by_pincode", "message": "zip_match", "data": {"pin": 500080, "match_rows": 1}, "runId": "run1", "hypothesisId": "H1"}
{"sessionId": "1a2913", "id": "log_1775273519288", "timestamp": 1775273519288, "location": "routes/predictions.py:get_prediction_by_pincode", "message": "district_state_resolved", "data": {"district": "HYDERABAD", "state": "Telangana"}, "runId": "run1", "hypothesisId": "H2"}
{"sessionId": "1a2913", "id": "log_1775273519327", "timestamp": 1775273519327, "location": "routes/predictions.py:get_prediction_by_pincode", "message": "district_dataset_rows", "data": {"district": "HYDERABAD", "state": "Telangana", "rows": 10}, "runId": "run1", "hypothesisId": "H2"}
{"sessionId": "1a2913", "id": "log_1775273519346", "timestamp": 1775273519346, "location": "routes/predictions.py:get_prediction_by_pincode", "message": "features_for_ml", "data": {"district": "HYDERABAD", "state": "Telangana", "rainfall": 845.97, "drainage_enc": 4.0, "perm_mmhr": 19.699999999999996, "urban_percent": 72.79999999999998, "breach_hist": 0, "elevation": 536.0, "soil_type": "Medium Black"}, "runId": "run1", "hypothesisId": "H3"}
{"sessionId": "1a2913", "id": "log_1775275701544", "timestamp": 1775275701544, "location": "routes/predictions.py:get_prediction_by_pincode", "message": "by_pincode_request", "data": {"raw_pin": "500080"}, "runId": "run1", "hypothesisId": "H1"}
{"sessionId": "1a2913", "id": "log_1775275701661", "timestamp": 1775275701661, "location": "routes/predictions.py:get_prediction_by_pincode", "message": "zip_match", "data": {"pin": 500080, "match_rows": 1}, "runId": "run1", "hypothesisId": "H1"}
{"sessionId": "1a2913", "id": "log_1775275701670", "timestamp": 1775275701670, "location": "routes/predictions.py:get_prediction_by_pincode", "message": "district_state_resolved", "data": {"district": "HYDERABAD", "state": "Telangana"}, "runId": "run1", "hypothesisId": "H2"}
{"sessionId": "1a2913", "id": "log_1775275701703", "timestamp": 1775275701703, "location": "routes/predictions.py:get_prediction_by_pincode", "message": "district_dataset_rows", "data": {"district": "HYDERABAD", "state": "Telangana", "rows": 10}, "runId": "run1", "hypothesisId": "H2"}
{"sessionId": "1a2913", "id": "log_1775275701721", "timestamp": 1775275701721, "location": "routes/predictions.py:get_prediction_by_pincode", "message": "features_for_ml", "data": {"district": "HYDERABAD", "state": "Telangana", "rainfall": 845.97, "drainage_enc": 4.0, "perm_mmhr": 19.699999999999996, "urban_percent": 72.79999999999998, "breach_hist": 0, "elevation": 536.0, "soil_type": "Medium Black"}, "runId": "run1", "hypothesisId": "H3"}
{"sessionId": "1a2913", "id": "log_1775281811060", "timestamp": 1775281811060, "location": "routes/predictions.py:get_prediction_by_pincode", "message": "by_pincode_request", "data": {"raw_pin": "500080"}, "runId": "run1", "hypothesisId": "H1"}
{"sessionId": "1a2913", "id": "log_1775281811109", "timestamp": 1775281811109, "location": "routes/predictions.py:get_prediction_by_pincode", "message": "zip_match", "data": {"pin": 500080, "match_rows": 1}, "runId": "run1", "hypothesisId": "H1"}
{"sessionId": "1a2913", "id": "log_1775281811112", "timestamp": 1775281811112, "location": "routes/predictions.py:get_prediction_by_pincode", "message": "district_state_resolved", "data": {"district": "HYDERABAD", "state": "Telangana"}, "runId": "run1", "hypothesisId": "H2"}
{"sessionId": "1a2913", "id": "log_1775281811122", "timestamp": 1775281811122, "location": "routes/predictions.py:get_prediction_by_pincode", "message": "district_dataset_rows", "data": {"district": "HYDERABAD", "state": "Telangana", "rows": 10}, "runId": "run1", "hypothesisId": "H2"}
{"sessionId": "1a2913", "id": "log_1775281811128", "timestamp": 1775281811128, "location": "routes/predictions.py:get_prediction_by_pincode", "message": "features_for_ml", "data": {"district": "HYDERABAD", "state": "Telangana", "rainfall": 845.97, "drainage_enc": 4.0, "perm_mmhr": 19.699999999999996, "urban_percent": 72.79999999999998, "breach_hist": 0, "elevation": 536.0, "soil_type": "Medium Black"}, "runId": "run1", "hypothesisId": "H3"}
{"sessionId": "1a2913", "id": "log_1776629658553", "timestamp": 1776629658553, "location": "routes/predictions.py:get_prediction_by_pincode", "message": "by_pincode_request", "data": {"raw_pin": "500080"}, "runId": "run1", "hypothesisId": "H1"}
{"sessionId": "1a2913", "id": "log_1776629658648", "timestamp": 1776629658648, "location": "routes/predictions.py:get_prediction_by_pincode", "message": "zip_match", "data": {"pin": 500080, "match_rows": 1}, "runId": "run1", "hypothesisId": "H1"}
{"sessionId": "1a2913", "id": "log_1776629658649", "timestamp": 1776629658649, "location": "routes/predictions.py:get_prediction_by_pincode", "message": "district_state_resolved", "data": {"district": "HYDERABAD", "state": "Telangana"}, "runId": "run1", "hypothesisId": "H2"}
{"sessionId": "1a2913", "id": "log_1776629658671", "timestamp": 1776629658671, "location": "routes/predictions.py:get_prediction_by_pincode", "message": "district_dataset_rows", "data": {"district": "HYDERABAD", "state": "Telangana", "rows": 10}, "runId": "run1", "hypothesisId": "H2"}
{"sessionId": "1a2913", "id": "log_1776629658687", "timestamp": 1776629658687, "location": "routes/predictions.py:get_prediction_by_pincode", "message": "features_for_ml", "data": {"district": "HYDERABAD", "state": "Telangana", "rainfall": 845.97, "drainage_enc": 4.0, "perm_mmhr": 19.699999999999996, "urban_percent": 72.79999999999998, "breach_hist": 0, "elevation": 536.0, "soil_type": "Medium Black"}, "runId": "run1", "hypothesisId": "H3"}
